---
source: src/resources/trigger.rs
expression: api.get(name).await.unwrap().status()
---
state: Idle
lastRun: Never
checkedSources:
  source-1:
    commitHash: "1234567890"
    changed: "2024-02-03T04:05:06Z"
