---
source: src/resources/trigger.rs
expression: api.get(name).await.unwrap().status()
---
state: Idle
lastRun: "2024-01-02T03:04:05Z"
