---
source: src/resources/trigger.rs
expression: api.get(name).await.unwrap().status()
---
state: Idle
lastRun: Never
checkedSources:
  source-1:
    commitHash: "1234567890"
    changed: "2024-02-03T04:05:06Z"
  source-2:
    commitHash: "2345678901"
    fileHash: some-hash-value
    changed: "2021-02-03T04:05:06Z"
