---
source: src/cache.rs
expression: s.err().unwrap()
---
KubeError(
    Api(
        ErrorResponse {
            status: "Failure",
            message: "secrets \"test-secrets-cache-data\" not found",
            reason: "NotFound",
            code: 404,
        },
    ),
)
