---
source: src/cache.rs
expression: res.err().unwrap()
---
SecretDecodingError(
    "no `some-non-existent-key` key in the secret `test-secrets-cache-data`",
)
